2026-09-03T01:28:27Z INF Thank you for trying Cloudflare Tunnel. Doing so, without a Cloudflare account, is a quick way to experiment and try it out. However, be aware that these account-less Tunnels have no uptime guarantee, are subject to the Cloudflare Online Services Terms of Use (https://www.cloudflare.com/website-terms/), and Cloudflare reserves the right to investigate your use of Tunnels for violations of such terms. If you intend to use Tunnels in production you should use a pre-created named tunnel by following: https://developers.cloudflare.com/cloudflare-one/connections/connect-apps
2026-09-03T01:28:27Z INF Requesting new quick Tunnel on trycloudflare.com...
2026-09-03T01:28:34Z INF +--------------------------------------------------------------------------------------------+
2026-09-03T01:28:34Z INF |  Your quick Tunnel has been created! Visit it at (it may take some time to be reachable):  |
2026-09-03T01:28:34Z INF |  https://york-supplements-pda-pick.trycloudflare.com                                       |
2026-09-03T01:28:34Z INF +--------------------------------------------------------------------------------------------+
2026-09-03T01:28:34Z INF Cannot determine default configuration path. No file [config.yml config.yaml] in [~/.cloudflared ~/.cloudflare-warp ~/cloudflare-warp /etc/cloudflared /usr/local/etc/cloudflared]
2026-09-03T01:28:34Z INF Version 2026.7.1 (Checksum 714575351b800cac49688ad248f96b45f5cc0c4d7503de45669190fbfd0d216e)
2026-09-03T01:28:34Z INF GOOS: darwin, GOVersion: go1.26.5, GoArch: arm64
2026-09-03T01:28:34Z INF Settings: map[ha-connections:1 protocol:quic url:http://localhost:8124]
2026-09-03T01:28:34Z INF cloudflared will not automatically update if installed by a package manager.
2026-09-03T01:28:34Z INF Generated Connector ID: 6ec146d6-a484-4d3d-aa56-24d44431b27d
2026-09-03T01:28:34Z INF Initial protocol quic
2026-09-03T01:28:34Z INF ICMP proxy will use 192.168.0.122 as source for IPv4
2026-09-03T01:28:34Z INF ICMP proxy will use fe80::cb8:586:b0c0:c815 in zone en0 as source for IPv6
2026-09-03T01:28:34Z INF Created ICMP proxy listening on 192.168.0.122:0
2026-09-03T01:28:34Z INF ICMP proxy will use 192.168.0.122 as source for IPv4
2026-09-03T01:28:34Z INF ICMP proxy will use fe80::cb8:586:b0c0:c815 in zone en0 as source for IPv6
2026-09-03T01:28:34Z INF Starting metrics server on 127.0.0.1:20241/metrics
2026-09-03T01:28:34Z INF Tunnel connection curve preferences: [X25519MLKEM768 CurveID(65074) CurveP256] connIndex=0 event=0 ip=198.41.200.33
2026-09-03T01:28:35Z INF Registered tunnel connection connIndex=0 connection=2252bc6a-4fb1-4929-9e77-0d4172a79a7a event=0 ip=198.41.200.33 location=syd06 protocol=quic
2026-09-03T01:28:40Z INF +-------------------------------------------------------------------------------------+
2026-09-03T01:28:40Z INF |                               CONNECTIVITY PRE-CHECKS                               |
2026-09-03T01:28:40Z INF +-------------------------------------------------------------------------------------+
2026-09-03T01:28:40Z INF |  COMPONENT         TARGET                     STATUS  DETAILS                       |
2026-09-03T01:28:40Z INF |  DNS Resolution    region1.v2.argotunnel.com  PASS    DNS Resolved successfully     |
2026-09-03T01:28:40Z INF |  DNS Resolution    region2.v2.argotunnel.com  PASS    DNS Resolved successfully     |
2026-09-03T01:28:40Z INF |  UDP Connectivity  region1.v2.argotunnel.com  PASS    QUIC connection successful    |
2026-09-03T01:28:40Z INF |  UDP Connectivity  region2.v2.argotunnel.com  PASS    QUIC connection successful    |
2026-09-03T01:28:40Z INF |  TCP Connectivity  region1.v2.argotunnel.com  PASS    HTTP/2 connection successful  |
2026-09-03T01:28:40Z INF |  TCP Connectivity  region2.v2.argotunnel.com  PASS    HTTP/2 connection successful  |
2026-09-03T01:28:40Z INF |  Cloudflare API    api.cloudflare.com:443     PASS    API is reachable              |
2026-09-03T01:28:40Z INF |                                                                                     |
2026-09-03T01:28:40Z INF |  SUMMARY: Environment is healthy. cloudflared will use 'quic' as primary protocol.  |
2026-09-03T01:28:40Z INF +-------------------------------------------------------------------------------------+
2026-09-03T01:28:40Z INF precheck component="DNS Resolution" details="DNS Resolved successfully" run_id=2622fb19-cc38-41a0-904b-e783a85d2414 status=pass target=region1.v2.argotunnel.com
2026-09-03T01:28:40Z INF precheck component="DNS Resolution" details="DNS Resolved successfully" run_id=2622fb19-cc38-41a0-904b-e783a85d2414 status=pass target=region2.v2.argotunnel.com
2026-09-03T01:28:40Z INF precheck component="UDP Connectivity" details="QUIC connection successful" run_id=2622fb19-cc38-41a0-904b-e783a85d2414 status=pass target=region1.v2.argotunnel.com
2026-09-03T01:28:40Z INF precheck component="UDP Connectivity" details="QUIC connection successful" run_id=2622fb19-cc38-41a0-904b-e783a85d2414 status=pass target=region2.v2.argotunnel.com
2026-09-03T01:28:40Z INF precheck component="TCP Connectivity" details="HTTP/2 connection successful" run_id=2622fb19-cc38-41a0-904b-e783a85d2414 status=pass target=region1.v2.argotunnel.com
2026-09-03T01:28:40Z INF precheck component="TCP Connectivity" details="HTTP/2 connection successful" run_id=2622fb19-cc38-41a0-904b-e783a85d2414 status=pass target=region2.v2.argotunnel.com
2026-09-03T01:28:40Z INF precheck component="Cloudflare API" details="API is reachable" run_id=2622fb19-cc38-41a0-904b-e783a85d2414 status=pass target=api.cloudflare.com:443
2026-09-03T01:28:40Z INF precheck complete hard_fail=false run_id=2622fb19-cc38-41a0-904b-e783a85d2414 suggested_protocol=quic
