2026-09-02T03:33:28Z INF Thank you for trying Cloudflare Tunnel. Doing so, without a Cloudflare account, is a quick way to experiment and try it out. However, be aware that these account-less Tunnels have no uptime guarantee, are subject to the Cloudflare Online Services Terms of Use (https://www.cloudflare.com/website-terms/), and Cloudflare reserves the right to investigate your use of Tunnels for violations of such terms. If you intend to use Tunnels in production you should use a pre-created named tunnel by following: https://developers.cloudflare.com/cloudflare-one/connections/connect-apps
2026-09-02T03:33:28Z INF Requesting new quick Tunnel on trycloudflare.com...
2026-09-02T03:33:31Z INF +--------------------------------------------------------------------------------------------+
2026-09-02T03:33:31Z INF |  Your quick Tunnel has been created! Visit it at (it may take some time to be reachable):  |
2026-09-02T03:33:31Z INF |  https://prophet-holly-penguin-citation.trycloudflare.com                                  |
2026-09-02T03:33:31Z INF +--------------------------------------------------------------------------------------------+
2026-09-02T03:33:31Z INF Cannot determine default configuration path. No file [config.yml config.yaml] in [~/.cloudflared ~/.cloudflare-warp ~/cloudflare-warp /etc/cloudflared /usr/local/etc/cloudflared]
2026-09-02T03:33:31Z INF Version 2026.7.1 (Checksum 714575351b800cac49688ad248f96b45f5cc0c4d7503de45669190fbfd0d216e)
2026-09-02T03:33:31Z INF GOOS: darwin, GOVersion: go1.26.5, GoArch: arm64
2026-09-02T03:33:31Z INF Settings: map[ha-connections:1 protocol:quic url:http://localhost:8124]
2026-09-02T03:33:31Z INF cloudflared will not automatically update if installed by a package manager.
2026-09-02T03:33:32Z INF Generated Connector ID: 910c9dbf-d0b6-42be-be62-a8d4387dde57
2026-09-02T03:33:32Z INF Initial protocol quic
2026-09-02T03:33:32Z INF ICMP proxy will use 192.168.0.122 as source for IPv4
2026-09-02T03:33:32Z INF ICMP proxy will use fe80::cb8:586:b0c0:c815 in zone en0 as source for IPv6
2026-09-02T03:33:32Z INF Created ICMP proxy listening on 192.168.0.122:0
2026-09-02T03:33:32Z INF ICMP proxy will use 192.168.0.122 as source for IPv4
2026-09-02T03:33:32Z INF ICMP proxy will use fe80::cb8:586:b0c0:c815 in zone en0 as source for IPv6
2026-09-02T03:33:32Z INF Starting metrics server on 127.0.0.1:20241/metrics
2026-09-02T03:33:32Z INF Tunnel connection curve preferences: [X25519MLKEM768 CurveID(65074) CurveP256] connIndex=0 event=0 ip=198.41.192.167
2026-09-02T03:33:32Z INF Registered tunnel connection connIndex=0 connection=31a9f73f-8d82-4a53-9014-303459882d38 event=0 ip=198.41.192.167 location=syd08 protocol=quic
2026-09-02T03:33:38Z INF +-------------------------------------------------------------------------------------+
2026-09-02T03:33:38Z INF |                               CONNECTIVITY PRE-CHECKS                               |
2026-09-02T03:33:38Z INF +-------------------------------------------------------------------------------------+
2026-09-02T03:33:38Z INF |  COMPONENT         TARGET                     STATUS  DETAILS                       |
2026-09-02T03:33:38Z INF |  DNS Resolution    region1.v2.argotunnel.com  PASS    DNS Resolved successfully     |
2026-09-02T03:33:38Z INF |  DNS Resolution    region2.v2.argotunnel.com  PASS    DNS Resolved successfully     |
2026-09-02T03:33:38Z INF |  UDP Connectivity  region1.v2.argotunnel.com  PASS    QUIC connection successful    |
2026-09-02T03:33:38Z INF |  UDP Connectivity  region2.v2.argotunnel.com  PASS    QUIC connection successful    |
2026-09-02T03:33:38Z INF |  TCP Connectivity  region1.v2.argotunnel.com  PASS    HTTP/2 connection successful  |
2026-09-02T03:33:38Z INF |  TCP Connectivity  region2.v2.argotunnel.com  PASS    HTTP/2 connection successful  |
2026-09-02T03:33:38Z INF |  Cloudflare API    api.cloudflare.com:443     PASS    API is reachable              |
2026-09-02T03:33:38Z INF |                                                                                     |
2026-09-02T03:33:38Z INF |  SUMMARY: Environment is healthy. cloudflared will use 'quic' as primary protocol.  |
2026-09-02T03:33:38Z INF +-------------------------------------------------------------------------------------+
2026-09-02T03:33:38Z INF precheck component="DNS Resolution" details="DNS Resolved successfully" run_id=9a829091-8703-464d-964a-932a1ef2acee status=pass target=region1.v2.argotunnel.com
2026-09-02T03:33:38Z INF precheck component="DNS Resolution" details="DNS Resolved successfully" run_id=9a829091-8703-464d-964a-932a1ef2acee status=pass target=region2.v2.argotunnel.com
2026-09-02T03:33:38Z INF precheck component="UDP Connectivity" details="QUIC connection successful" run_id=9a829091-8703-464d-964a-932a1ef2acee status=pass target=region1.v2.argotunnel.com
2026-09-02T03:33:38Z INF precheck component="UDP Connectivity" details="QUIC connection successful" run_id=9a829091-8703-464d-964a-932a1ef2acee status=pass target=region2.v2.argotunnel.com
2026-09-02T03:33:38Z INF precheck component="TCP Connectivity" details="HTTP/2 connection successful" run_id=9a829091-8703-464d-964a-932a1ef2acee status=pass target=region1.v2.argotunnel.com
2026-09-02T03:33:38Z INF precheck component="TCP Connectivity" details="HTTP/2 connection successful" run_id=9a829091-8703-464d-964a-932a1ef2acee status=pass target=region2.v2.argotunnel.com
2026-09-02T03:33:38Z INF precheck component="Cloudflare API" details="API is reachable" run_id=9a829091-8703-464d-964a-932a1ef2acee status=pass target=api.cloudflare.com:443
2026-09-02T03:33:38Z INF precheck complete hard_fail=false run_id=9a829091-8703-464d-964a-932a1ef2acee suggested_protocol=quic
